2026-04-27T07:53:58.680+01:00  INFO 28112 --- [notification_service] [main] c.m.n.NotificationServiceApplication     : Starting NotificationServiceApplication using Java 17.0.18 with PID 28112 (/home/noe/Documents/microfianance/notification_service/target/classes started by noe in /home/noe/Documents/microfianance/notification_service)
2026-04-27T07:53:58.688+01:00 DEBUG 28112 --- [notification_service] [main] c.m.n.NotificationServiceApplication     : Running with Spring Boot v3.2.3, Spring v6.1.4
2026-04-27T07:53:58.699+01:00  INFO 28112 --- [notification_service] [main] c.m.n.NotificationServiceApplication     : No active profile set, falling back to 1 default profile: "default"
2026-04-27T07:54:04.139+01:00  INFO 28112 --- [notification_service] [main] .s.d.r.c.RepositoryConfigurationDelegate : Bootstrapping Spring Data JPA repositories in DEFAULT mode.
2026-04-27T07:54:04.396+01:00  INFO 28112 --- [notification_service] [main] .s.d.r.c.RepositoryConfigurationDelegate : Finished Spring Data repository scanning in 220 ms. Found 1 JPA repository interface.
2026-04-27T07:54:07.789+01:00  INFO 28112 --- [notification_service] [main] o.s.b.w.embedded.tomcat.TomcatWebServer  : Tomcat initialized with port 8085 (http)
2026-04-27T07:54:07.830+01:00  INFO 28112 --- [notification_service] [main] o.apache.catalina.core.StandardService   : Starting service [Tomcat]
2026-04-27T07:54:07.832+01:00  INFO 28112 --- [notification_service] [main] o.apache.catalina.core.StandardEngine    : Starting Servlet engine: [Apache Tomcat/10.1.19]
2026-04-27T07:54:08.148+01:00  INFO 28112 --- [notification_service] [main] o.a.c.c.C.[Tomcat].[localhost].[/]       : Initializing Spring embedded WebApplicationContext
2026-04-27T07:54:08.151+01:00  INFO 28112 --- [notification_service] [main] w.s.c.ServletWebServerApplicationContext : Root WebApplicationContext: initialization completed in 9031 ms
2026-04-27T07:54:09.667+01:00  INFO 28112 --- [notification_service] [main] o.hibernate.jpa.internal.util.LogHelper  : HHH000204: Processing PersistenceUnitInfo [name: default]
2026-04-27T07:54:09.991+01:00  INFO 28112 --- [notification_service] [main] org.hibernate.Version                    : HHH000412: Hibernate ORM core version 6.4.4.Final
2026-04-27T07:54:10.113+01:00  INFO 28112 --- [notification_service] [main] o.h.c.internal.RegionFactoryInitiator    : HHH000026: Second-level cache disabled
2026-04-27T07:54:10.989+01:00  INFO 28112 --- [notification_service] [main] o.s.o.j.p.SpringPersistenceUnitInfo      : No LoadTimeWeaver setup: ignoring JPA class transformer
2026-04-27T07:54:11.087+01:00  INFO 28112 --- [notification_service] [main] com.zaxxer.hikari.HikariDataSource       : HikariPool-1 - Starting...
2026-04-27T07:54:12.318+01:00  INFO 28112 --- [notification_service] [main] com.zaxxer.hikari.pool.HikariPool        : HikariPool-1 - Added connection org.postgresql.jdbc.PgConnection@756200d1
2026-04-27T07:54:12.329+01:00  INFO 28112 --- [notification_service] [main] com.zaxxer.hikari.HikariDataSource       : HikariPool-1 - Start completed.
2026-04-27T07:54:12.548+01:00  WARN 28112 --- [notification_service] [main] org.hibernate.orm.deprecation            : HHH90000025: PostgreSQLDialect does not need to be specified explicitly using 'hibernate.dialect' (remove the property setting and it will be selected by default)
2026-04-27T07:54:16.554+01:00  INFO 28112 --- [notification_service] [main] o.h.e.t.j.p.i.JtaPlatformInitiator       : HHH000489: No JTA platform available (set 'hibernate.transaction.jta.platform' to enable JTA platform integration)
2026-04-27T07:54:16.852+01:00  INFO 28112 --- [notification_service] [main] j.LocalContainerEntityManagerFactoryBean : Initialized JPA EntityManagerFactory for persistence unit 'default'
2026-04-27T07:54:18.655+01:00  INFO 28112 --- [notification_service] [main] o.s.d.j.r.query.QueryEnhancerFactory     : Hibernate is in classpath; If applicable, HQL parser will be used.
2026-04-27T07:54:21.805+01:00  WARN 28112 --- [notification_service] [main] .s.s.UserDetailsServiceAutoConfiguration : 

Using generated security password: 099a5dc9-8fd9-4993-8833-6ee83a1efaa0

This generated password is for development use only. Your security configuration must be updated before running your application in production.

2026-04-27T07:54:23.600+01:00  INFO 28112 --- [notification_service] [main] o.s.b.a.e.web.EndpointLinksResolver      : Exposing 3 endpoint(s) beneath base path '/actuator'
2026-04-27T07:54:24.128+01:00  INFO 28112 --- [notification_service] [main] o.s.s.web.DefaultSecurityFilterChain     : Will secure any request with [org.springframework.security.web.session.DisableEncodeUrlFilter@78cb1a92, org.springframework.security.web.context.request.async.WebAsyncManagerIntegrationFilter@7e9e73, org.springframework.security.web.context.SecurityContextHolderFilter@249a7ccc, org.springframework.security.web.header.HeaderWriterFilter@136bd1d1, org.springframework.security.web.authentication.logout.LogoutFilter@fbb39ea, org.springframework.security.web.savedrequest.RequestCacheAwareFilter@c9f1951, org.springframework.security.web.servletapi.SecurityContextHolderAwareRequestFilter@6d49bd08, org.springframework.security.web.authentication.AnonymousAuthenticationFilter@39c78cf9, org.springframework.security.web.access.ExceptionTranslationFilter@6e04275e, org.springframework.security.web.access.intercept.AuthorizationFilter@4f042c70]
2026-04-27T07:54:26.315+01:00  INFO 28112 --- [notification_service] [main] o.s.b.w.embedded.tomcat.TomcatWebServer  : Tomcat started on port 8085 (http) with context path ''
2026-04-27T07:54:26.324+01:00  INFO 28112 --- [notification_service] [main] o.s.a.r.c.CachingConnectionFactory       : Attempting to connect to: [localhost:5672]
2026-04-27T07:54:26.567+01:00  INFO 28112 --- [notification_service] [main] o.s.a.r.c.CachingConnectionFactory       : Created new connection: rabbitConnectionFactory#5b7b5484:0/SimpleConnection@6c42c856 [delegate=amqp://guest@127.0.0.1:5672/, localPort=51020]
2026-04-27T07:54:26.981+01:00  INFO 28112 --- [notification_service] [main] c.m.n.NotificationServiceApplication     : Started NotificationServiceApplication in 30.278 seconds (process running for 31.949)
2026-04-27T07:55:03.846+01:00  INFO 28112 --- [notification_service] [http-nio-8085-exec-1] o.a.c.c.C.[Tomcat].[localhost].[/]       : Initializing Spring DispatcherServlet 'dispatcherServlet'
2026-04-27T07:55:03.847+01:00  INFO 28112 --- [notification_service] [http-nio-8085-exec-1] o.s.web.servlet.DispatcherServlet        : Initializing Servlet 'dispatcherServlet'
2026-04-27T07:55:03.850+01:00  INFO 28112 --- [notification_service] [http-nio-8085-exec-1] o.s.web.servlet.DispatcherServlet        : Completed initialization in 3 ms
2026-04-27T07:56:23.088+01:00  INFO 28112 --- [notification_service] [org.springframework.amqp.rabbit.RabbitListenerEndpointContainer#0-2] o.s.a.r.l.SimpleMessageListenerContainer : Waiting for workers to finish.
2026-04-27T07:56:23.092+01:00  INFO 28112 --- [notification_service] [org.springframework.amqp.rabbit.RabbitListenerEndpointContainer#1-2] o.s.a.r.l.SimpleMessageListenerContainer : Waiting for workers to finish.
2026-04-27T07:56:23.094+01:00  INFO 28112 --- [notification_service] [org.springframework.amqp.rabbit.RabbitListenerEndpointContainer#2-2] o.s.a.r.l.SimpleMessageListenerContainer : Waiting for workers to finish.
2026-04-27T07:56:23.796+01:00  INFO 28112 --- [notification_service] [org.springframework.amqp.rabbit.RabbitListenerEndpointContainer#0-2] o.s.a.r.l.SimpleMessageListenerContainer : Successfully waited for workers to finish.
2026-04-27T07:56:23.813+01:00  INFO 28112 --- [notification_service] [org.springframework.amqp.rabbit.RabbitListenerEndpointContainer#1-2] o.s.a.r.l.SimpleMessageListenerContainer : Successfully waited for workers to finish.
2026-04-27T07:56:23.834+01:00  INFO 28112 --- [notification_service] [org.springframework.amqp.rabbit.RabbitListenerEndpointContainer#2-2] o.s.a.r.l.SimpleMessageListenerContainer : Successfully waited for workers to finish.
2026-04-27T07:56:23.909+01:00  INFO 28112 --- [notification_service] [SpringApplicationShutdownHook] j.LocalContainerEntityManagerFactoryBean : Closing JPA EntityManagerFactory for persistence unit 'default'
2026-04-27T07:56:23.914+01:00  INFO 28112 --- [notification_service] [SpringApplicationShutdownHook] com.zaxxer.hikari.HikariDataSource       : HikariPool-1 - Shutdown initiated...
2026-04-27T07:56:23.926+01:00  INFO 28112 --- [notification_service] [SpringApplicationShutdownHook] com.zaxxer.hikari.HikariDataSource       : HikariPool-1 - Shutdown completed.
